2025-12-15 15:01:32,984 - Analyzer - INFO - Reading: 2012-05-03_2_baseline.xlsx
2025-12-15 15:01:50,386 - Analyzer - INFO - Reading: 2012-05-03_2_baseline.xlsx
2025-12-15 15:01:51,681 - Analyzer - INFO - Level 0 optimization: No optimization--using user provided values.
2025-12-15 16:17:13,950 - Analyzer - INFO - Reading: 2012-05-03_2_baseline.xlsx
2025-12-15 16:17:15,227 - Analyzer - INFO - Level 0 optimization: No optimization--using user provided values.
2025-12-15 16:18:55,275 - Analyzer - INFO - Reading: 2012-05-03_2_baseline.xlsx
2025-12-15 16:18:56,548 - Analyzer - INFO - Level 0 optimization: No optimization--using user provided values.
2025-12-15 16:19:37,878 - Analyzer - INFO - Reading: 2012-05-03_2_baseline.xlsx
2025-12-15 16:19:39,152 - Analyzer - INFO - Level 0 optimization: No optimization--using user provided values.
2025-12-15 16:20:05,783 - Analyzer - INFO - Reading: 2012-05-03_2_baseline.xlsx
2025-12-15 16:20:07,100 - Analyzer - INFO - Level 0 optimization: No optimization--using user provided values.
2025-12-15 16:22:29,130 - Analyzer - INFO - Reading: 2012-05-03_2_baseline.xlsx
2025-12-15 16:22:30,408 - Analyzer - INFO - Level 0 optimization: No optimization--using user provided values.
2025-12-15 16:23:24,773 - Analyzer - INFO - Reading: 2012-05-03_2_baseline.xlsx
2025-12-15 16:23:26,033 - Analyzer - INFO - Level 0 optimization: No optimization--using user provided values.
2025-12-15 16:23:31,939 - Analyzer - INFO - Analysis of 2012-05-03_2_baseline.xlsx completed.
2025-12-15 16:23:31,939 - Analyzer - INFO - Verbose plotting of conductance estimations for c:\Users\james\Box\PRR\PRR\Figures\2012-05-03_2_baseline_analyzed
2025-12-15 16:23:57,545 - Analyzer - INFO - Reading: 2012-05-03_2_baseline.xlsx
2025-12-15 16:23:58,863 - Analyzer - INFO - Level 0 optimization: No optimization--using user provided values.
2025-12-15 16:24:04,920 - Analyzer - INFO - Analysis of 2012-05-03_2_baseline.xlsx completed.
2025-12-15 16:24:04,920 - Analyzer - INFO - Verbose plotting of conductance estimations for c:\Users\james\Box\PRR\PRR\Figures\2012-05-03_2_baseline_analyzed
2025-12-15 16:24:19,472 - Analyzer - INFO - Reading: 2012-05-03_2_baseline.xlsx
2025-12-15 16:24:20,758 - Analyzer - INFO - Level 0 optimization: No optimization--using user provided values.
2025-12-15 16:24:26,727 - Analyzer - INFO - Analysis of 2012-05-03_2_baseline.xlsx completed.
2025-12-15 16:24:26,727 - Analyzer - INFO - Verbose plotting of conductance estimations for c:\Users\james\Box\PRR\PRR\Figures\2012-05-03_2_baseline_analyzed
2025-12-15 16:24:27,079 - Analyzer - INFO - Saving verbose plotting of conductance estimations for c:\Users\james\Box\PRR\PRR\Figures\2012-05-03_2_baseline_analyzed
2025-12-15 16:25:56,976 - Analyzer - INFO - Verbose plotting of stats for c:\Users\james\Box\PRR\PRR\Figures\2012-05-03_2_baseline_analyzed
2025-12-15 16:25:57,095 - Analyzer - INFO - Saving verbose plotting of stats for c:\Users\james\Box\PRR\PRR\Figures\2012-05-03_2_baseline_analyzed
2025-12-15 16:25:57,332 - Analyzer - INFO - Reading: 2020-03-05_2_baseline.xlsx
2025-12-15 16:26:00,404 - Analyzer - INFO - Level 0 optimization: No optimization--using user provided values.
2025-12-15 16:26:09,372 - Analyzer - INFO - Analysis of 2020-03-05_2_baseline.xlsx completed.
2025-12-15 16:26:09,373 - Analyzer - INFO - Verbose plotting of conductance estimations for c:\Users\james\Box\PRR\PRR\Figures\2020-03-05_2_baseline_analyzed
2025-12-15 16:26:09,667 - Analyzer - INFO - Saving verbose plotting of conductance estimations for c:\Users\james\Box\PRR\PRR\Figures\2020-03-05_2_baseline_analyzed
2025-12-15 16:26:18,855 - Analyzer - INFO - Verbose plotting of stats for c:\Users\james\Box\PRR\PRR\Figures\2020-03-05_2_baseline_analyzed
2025-12-15 16:26:18,966 - Analyzer - INFO - Saving verbose plotting of stats for c:\Users\james\Box\PRR\PRR\Figures\2020-03-05_2_baseline_analyzed
2025-12-15 16:26:19,208 - Analyzer - INFO - Reading: 2020-03-05_2_drug.xlsx
2025-12-15 16:27:05,625 - Analyzer - INFO - Reading: 2012-05-03_2_baseline.xlsx
2025-12-15 16:27:06,919 - Analyzer - INFO - Level 0 optimization: No optimization--using user provided values.
2025-12-15 16:27:12,839 - Analyzer - INFO - Analysis of 2012-05-03_2_baseline.xlsx completed.
2025-12-15 16:27:12,840 - Analyzer - INFO - Verbose plotting of conductance estimations for c:\Users\james\Box\PRR\PRR\Figures\2012-05-03_2_baseline_analyzed
2025-12-15 16:27:13,194 - Analyzer - INFO - Saving verbose plotting of conductance estimations for c:\Users\james\Box\PRR\PRR\Figures\2012-05-03_2_baseline_analyzed
2025-12-15 16:29:05,194 - Analyzer - INFO - Verbose plotting of stats for c:\Users\james\Box\PRR\PRR\Figures\2012-05-03_2_baseline_analyzed
2025-12-15 16:29:05,302 - Analyzer - INFO - Saving verbose plotting of stats for c:\Users\james\Box\PRR\PRR\Figures\2012-05-03_2_baseline_analyzed
2025-12-15 16:29:05,545 - Analyzer - INFO - Reading: 2020-03-05_2_baseline.xlsx
2025-12-15 16:29:07,427 - Analyzer - INFO - Level 0 optimization: No optimization--using user provided values.
2025-12-15 16:30:49,612 - Analyzer - INFO - Reading: 2012-05-03_2_baseline.xlsx
2025-12-15 16:30:50,870 - Analyzer - INFO - Level 0 optimization: No optimization--using user provided values.
2025-12-15 16:31:00,622 - Analyzer - INFO - Reading: 2012-05-03_2_baseline.xlsx
2025-12-15 16:31:01,897 - Analyzer - INFO - Level 0 optimization: No optimization--using user provided values.
2025-12-15 16:31:55,897 - Analyzer - INFO - Reading: 2012-05-03_2_baseline.xlsx
2025-12-15 16:31:57,202 - Analyzer - INFO - Level 0 optimization: No optimization--using user provided values.
2025-12-15 16:32:54,849 - Analyzer - INFO - Reading: 2012-05-03_2_baseline.xlsx
2025-12-15 16:32:56,124 - Analyzer - INFO - Level 0 optimization: No optimization--using user provided values.
2025-12-15 16:33:02,076 - Analyzer - INFO - Analysis of 2012-05-03_2_baseline.xlsx completed.
2025-12-15 16:33:02,076 - Analyzer - INFO - Verbose plotting of conductance estimations for c:\Users\james\Box\PRR\PRR\Figures\2012-05-03_2_baseline_analyzed
2025-12-15 16:33:02,431 - Analyzer - INFO - Saving verbose plotting of conductance estimations for c:\Users\james\Box\PRR\PRR\Figures\2012-05-03_2_baseline_analyzed
2025-12-15 16:33:37,502 - Analyzer - INFO - Verbose plotting of stats for c:\Users\james\Box\PRR\PRR\Figures\2012-05-03_2_baseline_analyzed
2025-12-15 16:33:37,611 - Analyzer - INFO - Saving verbose plotting of stats for c:\Users\james\Box\PRR\PRR\Figures\2012-05-03_2_baseline_analyzed
2025-12-15 16:33:37,843 - Analyzer - INFO - Reading: 2020-03-05_2_baseline.xlsx
2025-12-15 16:33:39,650 - Analyzer - INFO - Level 0 optimization: No optimization--using user provided values.
2025-12-15 16:34:31,816 - Analyzer - INFO - Reading: 2012-05-03_2_baseline.xlsx
2025-12-15 16:34:33,106 - Analyzer - INFO - Level 0 optimization: No optimization--using user provided values.
2025-12-15 16:34:33,407 - Analyzer - INFO - Analysis of 2012-05-03_2_baseline.xlsx completed.
2025-12-15 16:34:33,407 - Analyzer - INFO - Verbose plotting of conductance estimations for c:\Users\james\Box\PRR\PRR\Figures\2012-05-03_2_baseline_analyzed
2025-12-15 16:34:33,793 - Analyzer - INFO - Saving verbose plotting of conductance estimations for c:\Users\james\Box\PRR\PRR\Figures\2012-05-03_2_baseline_analyzed
2025-12-15 16:35:24,715 - Analyzer - INFO - Verbose plotting of stats for c:\Users\james\Box\PRR\PRR\Figures\2012-05-03_2_baseline_analyzed
2025-12-15 16:35:24,832 - Analyzer - INFO - Saving verbose plotting of stats for c:\Users\james\Box\PRR\PRR\Figures\2012-05-03_2_baseline_analyzed
2025-12-15 16:35:25,079 - Analyzer - INFO - Reading: 2020-03-05_2_baseline.xlsx
2025-12-15 16:35:26,920 - Analyzer - INFO - Level 0 optimization: No optimization--using user provided values.
2025-12-15 16:35:27,312 - Analyzer - INFO - Analysis of 2020-03-05_2_baseline.xlsx completed.
2025-12-15 16:35:27,313 - Analyzer - INFO - Verbose plotting of conductance estimations for c:\Users\james\Box\PRR\PRR\Figures\2020-03-05_2_baseline_analyzed
2025-12-15 16:35:27,608 - Analyzer - INFO - Saving verbose plotting of conductance estimations for c:\Users\james\Box\PRR\PRR\Figures\2020-03-05_2_baseline_analyzed
2025-12-15 16:35:59,177 - Analyzer - INFO - Verbose plotting of stats for c:\Users\james\Box\PRR\PRR\Figures\2020-03-05_2_baseline_analyzed
2025-12-15 16:35:59,284 - Analyzer - INFO - Saving verbose plotting of stats for c:\Users\james\Box\PRR\PRR\Figures\2020-03-05_2_baseline_analyzed
2025-12-15 16:35:59,525 - Analyzer - INFO - Reading: 2020-03-05_2_drug.xlsx
